###############################################################################
#
# IAR ELF Linker V8.40.1.212/W32 for ARM                  06/Jul/2019  19:59:49
# Copyright 2007-2019 IAR Systems AB.
#
#    Output file  =
#        D:\My
#        Documents\GitHub\DMIT2504_BLE_Project\EmbeddedProjectC\Projects\STM32L476RG-Nucleo\Applications\SampleApp\EWARM\SampleApp\Exe\SampleApp.out
#    Map file     =
#        D:\My
#        Documents\GitHub\DMIT2504_BLE_Project\EmbeddedProjectC\Projects\STM32L476RG-Nucleo\Applications\SampleApp\EWARM\SampleApp\List\SampleApp.map
#    Command line =
#        -f C:\Users\CARLOS~1\AppData\Local\Temp\EWEAE8.tmp ("D:\My
#        Documents\GitHub\DMIT2504_BLE_Project\EmbeddedProjectC\Projects\STM32L476RG-Nucleo\Applications\SampleApp\EWARM\SampleApp\Obj\app_x-cube-ble1.o"
#        "D:\My
#        Documents\GitHub\DMIT2504_BLE_Project\EmbeddedProjectC\Projects\STM32L476RG-Nucleo\Applications\SampleApp\EWARM\SampleApp\Obj\ble_list.o"
#        "D:\My
#        Documents\GitHub\DMIT2504_BLE_Project\EmbeddedProjectC\Projects\STM32L476RG-Nucleo\Applications\SampleApp\EWARM\SampleApp\Obj\bluenrg_gap_aci.o"
#        "D:\My
#        Documents\GitHub\DMIT2504_BLE_Project\EmbeddedProjectC\Projects\STM32L476RG-Nucleo\Applications\SampleApp\EWARM\SampleApp\Obj\bluenrg_gatt_aci.o"
#        "D:\My
#        Documents\GitHub\DMIT2504_BLE_Project\EmbeddedProjectC\Projects\STM32L476RG-Nucleo\Applications\SampleApp\EWARM\SampleApp\Obj\bluenrg_hal_aci.o"
#        "D:\My
#        Documents\GitHub\DMIT2504_BLE_Project\EmbeddedProjectC\Projects\STM32L476RG-Nucleo\Applications\SampleApp\EWARM\SampleApp\Obj\bluenrg_l2cap_aci.o"
#        "D:\My
#        Documents\GitHub\DMIT2504_BLE_Project\EmbeddedProjectC\Projects\STM32L476RG-Nucleo\Applications\SampleApp\EWARM\SampleApp\Obj\bluenrg_updater_aci.o"
#        "D:\My
#        Documents\GitHub\DMIT2504_BLE_Project\EmbeddedProjectC\Projects\STM32L476RG-Nucleo\Applications\SampleApp\EWARM\SampleApp\Obj\bluenrg_utils_small.o"
#        "D:\My
#        Documents\GitHub\DMIT2504_BLE_Project\EmbeddedProjectC\Projects\STM32L476RG-Nucleo\Applications\SampleApp\EWARM\SampleApp\Obj\hci_le.o"
#        "D:\My
#        Documents\GitHub\DMIT2504_BLE_Project\EmbeddedProjectC\Projects\STM32L476RG-Nucleo\Applications\SampleApp\EWARM\SampleApp\Obj\hci_tl.o"
#        "D:\My
#        Documents\GitHub\DMIT2504_BLE_Project\EmbeddedProjectC\Projects\STM32L476RG-Nucleo\Applications\SampleApp\EWARM\SampleApp\Obj\hci_tl_interface.o"
#        "D:\My
#        Documents\GitHub\DMIT2504_BLE_Project\EmbeddedProjectC\Projects\STM32L476RG-Nucleo\Applications\SampleApp\EWARM\SampleApp\Obj\main.o"
#        "D:\My
#        Documents\GitHub\DMIT2504_BLE_Project\EmbeddedProjectC\Projects\STM32L476RG-Nucleo\Applications\SampleApp\EWARM\SampleApp\Obj\robot.o"
#        "D:\My
#        Documents\GitHub\DMIT2504_BLE_Project\EmbeddedProjectC\Projects\STM32L476RG-Nucleo\Applications\SampleApp\EWARM\SampleApp\Obj\sample_service.o"
#        "D:\My
#        Documents\GitHub\DMIT2504_BLE_Project\EmbeddedProjectC\Projects\STM32L476RG-Nucleo\Applications\SampleApp\EWARM\SampleApp\Obj\startup_stm32l476xx.o"
#        "D:\My
#        Documents\GitHub\DMIT2504_BLE_Project\EmbeddedProjectC\Projects\STM32L476RG-Nucleo\Applications\SampleApp\EWARM\SampleApp\Obj\stm32l4xx_hal.o"
#        "D:\My
#        Documents\GitHub\DMIT2504_BLE_Project\EmbeddedProjectC\Projects\STM32L476RG-Nucleo\Applications\SampleApp\EWARM\SampleApp\Obj\stm32l4xx_hal_cortex.o"
#        "D:\My
#        Documents\GitHub\DMIT2504_BLE_Project\EmbeddedProjectC\Projects\STM32L476RG-Nucleo\Applications\SampleApp\EWARM\SampleApp\Obj\stm32l4xx_hal_dma.o"
#        "D:\My
#        Documents\GitHub\DMIT2504_BLE_Project\EmbeddedProjectC\Projects\STM32L476RG-Nucleo\Applications\SampleApp\EWARM\SampleApp\Obj\stm32l4xx_hal_dma_ex.o"
#        "D:\My
#        Documents\GitHub\DMIT2504_BLE_Project\EmbeddedProjectC\Projects\STM32L476RG-Nucleo\Applications\SampleApp\EWARM\SampleApp\Obj\stm32l4xx_hal_exti.o"
#        "D:\My
#        Documents\GitHub\DMIT2504_BLE_Project\EmbeddedProjectC\Projects\STM32L476RG-Nucleo\Applications\SampleApp\EWARM\SampleApp\Obj\stm32l4xx_hal_flash.o"
#        "D:\My
#        Documents\GitHub\DMIT2504_BLE_Project\EmbeddedProjectC\Projects\STM32L476RG-Nucleo\Applications\SampleApp\EWARM\SampleApp\Obj\stm32l4xx_hal_flash_ex.o"
#        "D:\My
#        Documents\GitHub\DMIT2504_BLE_Project\EmbeddedProjectC\Projects\STM32L476RG-Nucleo\Applications\SampleApp\EWARM\SampleApp\Obj\stm32l4xx_hal_flash_ramfunc.o"
#        "D:\My
#        Documents\GitHub\DMIT2504_BLE_Project\EmbeddedProjectC\Projects\STM32L476RG-Nucleo\Applications\SampleApp\EWARM\SampleApp\Obj\stm32l4xx_hal_gpio.o"
#        "D:\My
#        Documents\GitHub\DMIT2504_BLE_Project\EmbeddedProjectC\Projects\STM32L476RG-Nucleo\Applications\SampleApp\EWARM\SampleApp\Obj\stm32l4xx_hal_i2c.o"
#        "D:\My
#        Documents\GitHub\DMIT2504_BLE_Project\EmbeddedProjectC\Projects\STM32L476RG-Nucleo\Applications\SampleApp\EWARM\SampleApp\Obj\stm32l4xx_hal_i2c_ex.o"
#        "D:\My
#        Documents\GitHub\DMIT2504_BLE_Project\EmbeddedProjectC\Projects\STM32L476RG-Nucleo\Applications\SampleApp\EWARM\SampleApp\Obj\stm32l4xx_hal_msp.o"
#        "D:\My
#        Documents\GitHub\DMIT2504_BLE_Project\EmbeddedProjectC\Projects\STM32L476RG-Nucleo\Applications\SampleApp\EWARM\SampleApp\Obj\stm32l4xx_hal_pwr.o"
#        "D:\My
#        Documents\GitHub\DMIT2504_BLE_Project\EmbeddedProjectC\Projects\STM32L476RG-Nucleo\Applications\SampleApp\EWARM\SampleApp\Obj\stm32l4xx_hal_pwr_ex.o"
#        "D:\My
#        Documents\GitHub\DMIT2504_BLE_Project\EmbeddedProjectC\Projects\STM32L476RG-Nucleo\Applications\SampleApp\EWARM\SampleApp\Obj\stm32l4xx_hal_rcc.o"
#        "D:\My
#        Documents\GitHub\DMIT2504_BLE_Project\EmbeddedProjectC\Projects\STM32L476RG-Nucleo\Applications\SampleApp\EWARM\SampleApp\Obj\stm32l4xx_hal_rcc_ex.o"
#        "D:\My
#        Documents\GitHub\DMIT2504_BLE_Project\EmbeddedProjectC\Projects\STM32L476RG-Nucleo\Applications\SampleApp\EWARM\SampleApp\Obj\stm32l4xx_hal_spi.o"
#        "D:\My
#        Documents\GitHub\DMIT2504_BLE_Project\EmbeddedProjectC\Projects\STM32L476RG-Nucleo\Applications\SampleApp\EWARM\SampleApp\Obj\stm32l4xx_hal_spi_ex.o"
#        "D:\My
#        Documents\GitHub\DMIT2504_BLE_Project\EmbeddedProjectC\Projects\STM32L476RG-Nucleo\Applications\SampleApp\EWARM\SampleApp\Obj\stm32l4xx_hal_tim.o"
#        "D:\My
#        Documents\GitHub\DMIT2504_BLE_Project\EmbeddedProjectC\Projects\STM32L476RG-Nucleo\Applications\SampleApp\EWARM\SampleApp\Obj\stm32l4xx_hal_tim_ex.o"
#        "D:\My
#        Documents\GitHub\DMIT2504_BLE_Project\EmbeddedProjectC\Projects\STM32L476RG-Nucleo\Applications\SampleApp\EWARM\SampleApp\Obj\stm32l4xx_hal_uart.o"
#        "D:\My
#        Documents\GitHub\DMIT2504_BLE_Project\EmbeddedProjectC\Projects\STM32L476RG-Nucleo\Applications\SampleApp\EWARM\SampleApp\Obj\stm32l4xx_hal_uart_ex.o"
#        "D:\My
#        Documents\GitHub\DMIT2504_BLE_Project\EmbeddedProjectC\Projects\STM32L476RG-Nucleo\Applications\SampleApp\EWARM\SampleApp\Obj\stm32l4xx_it.o"
#        "D:\My
#        Documents\GitHub\DMIT2504_BLE_Project\EmbeddedProjectC\Projects\STM32L476RG-Nucleo\Applications\SampleApp\EWARM\SampleApp\Obj\stm32l4xx_nucleo.o"
#        "D:\My
#        Documents\GitHub\DMIT2504_BLE_Project\EmbeddedProjectC\Projects\STM32L476RG-Nucleo\Applications\SampleApp\EWARM\SampleApp\Obj\stm32l4xx_nucleo_bus.o"
#        "D:\My
#        Documents\GitHub\DMIT2504_BLE_Project\EmbeddedProjectC\Projects\STM32L476RG-Nucleo\Applications\SampleApp\EWARM\SampleApp\Obj\system_stm32l4xx.o"
#        --redirect _Printf=_PrintfFull --redirect _Scanf=_ScanfFull
#        --no_out_extension -o "D:\My
#        Documents\GitHub\DMIT2504_BLE_Project\EmbeddedProjectC\Projects\STM32L476RG-Nucleo\Applications\SampleApp\EWARM\SampleApp\Exe\SampleApp.out"
#        --map "D:\My
#        Documents\GitHub\DMIT2504_BLE_Project\EmbeddedProjectC\Projects\STM32L476RG-Nucleo\Applications\SampleApp\EWARM\SampleApp\List\SampleApp.map"
#        --config "D:\My
#        Documents\GitHub\DMIT2504_BLE_Project\EmbeddedProjectC\Projects\STM32L476RG-Nucleo\Applications\SampleApp\EWARM/stm32l476xx_flash.icf"
#        --semihosting --entry __iar_program_start --vfe --text_out locale)
#
###############################################################################

*******************************************************************************
*** RUNTIME MODEL ATTRIBUTES
***

CppFlavor       = *
__SystemLibrary = DLib
__dlib_version  = 6


*******************************************************************************
*** HEAP SELECTION
***

The basic heap was selected because no calls to memory allocation
functions were found in the application outside of system library
functions, and there are calls to deallocation functions in the
application.


*******************************************************************************
*** PLACEMENT SUMMARY
***

"A0":  place at address 0x800'0000 { ro section .intvec };
"P1":  place in [from 0x800'0000 to 0x80f'ffff] { ro };
define block CSTACK with size = 1K, alignment = 8 { };
define block HEAP with size = 512, alignment = 8 { };
"P2":  place in [from 0x2000'0000 to 0x2001'7fff] {
          rw, block CSTACK, block HEAP };
"P3":  place in [from 0x2000'0000 to 0x2001'7fff] { };
initialize by copy { rw };

  Section            Kind         Address    Size  Object
  -------            ----         -------    ----  ------
"A0":                                       0x188
  .intvec            ro code   0x800'0000   0x188  startup_stm32l476xx.o [1]
                             - 0x800'0188   0x188

"P1":                                      0x5b58
  .text              ro code   0x800'0188  0x10c6  xprintffull.o [2]
  .text              ro code   0x800'124e    0x3a  zero_init3.o [4]
  .text              ro code   0x800'1288    0x7c  xlocale_c.o [2]
  .text              ro code   0x800'1304    0x16  strchr.o [4]
  .text              ro code   0x800'131a    0x1e  xencoding_8859_1.o [2]
  .text              ro code   0x800'1338    0x40  xfail_s.o [2]
  .text              ro code   0x800'1378    0x36  strlen.o [4]
  .rodata            const     0x800'13ae     0x2  xlocale_c.o [2]
  .text              ro code   0x800'13b0    0x58  memchr.o [4]
  .text              ro code   0x800'1408    0x18  ABImemcpy_small.o [4]
  .text              ro code   0x800'1420    0x70  frexp.o [3]
  .text              ro code   0x800'1490    0x2e  DblCmpLe.o [3]
  .rodata            const     0x800'14be     0x2  xlocale_c.o [2]
  .text              ro code   0x800'14c0    0x2e  DblCmpGe.o [3]
  .rodata            const     0x800'14ee     0x1  xlocale_c.o [2]
  .text              ro code   0x800'14f0   0x13a  ldexp.o [3]
  .text              ro code   0x800'162c    0x3a  DblToS32.o [3]
  .text              ro code   0x800'1668    0x22  S32ToDbl.o [3]
  .text              ro code   0x800'168c    0xe2  DblSub.o [3]
  .text              ro code   0x800'1770   0x246  DblDiv.o [3]
  .text              ro code   0x800'19b8    0x28  DblToU32.o [3]
  .text              ro code   0x800'19e0    0x1a  U32ToDbl.o [3]
  .text              ro code   0x800'19fc   0x1a2  DblMul.o [3]
  .text              ro code   0x800'1b9e     0xa  xmbcurmax.o [2]
  .text              ro code   0x800'1ba8   0x106  I64DivMod_small.o [4]
  .text              ro code   0x800'1cae     0x6  abort.o [2]
  .text              ro code   0x800'1cb4   0x16a  DblAdd.o [3]
  .text              ro code   0x800'1e20     0x2  I64DivZer.o [4]
  .text              ro code   0x800'1e24    0x14  exit.o [5]
  .text              ro code   0x800'1e38    0x7c  iarttio.o [5]
  .text              ro code   0x800'1eb4    0x3c  XShttio.o [2]
  .text              ro code   0x800'1ef0   0x6d0  stm32l4xx_hal_rcc.o [1]
  .text              ro code   0x800'25c0    0x44  stm32l4xx_hal.o [1]
  .text              ro code   0x800'2604     0xc  stm32l4xx_hal.o [1]
  .text              ro code   0x800'2610    0x84  stm32l4xx_hal_pwr_ex.o [1]
  .text              ro code   0x800'2694    0xc4  stm32l4xx_hal_cortex.o [1]
  .text              ro code   0x800'2758   0x570  stm32l4xx_hal_uart.o [1]
  .text              ro code   0x800'2cc8   0x544  stm32l4xx_hal_rcc_ex.o [1]
  .text              ro code   0x800'320c   0x4dc  sample_service.o [1]
  .text              ro code   0x800'36e8   0x33c  bluenrg_gatt_aci.o [1]
  .text              ro code   0x800'3a24    0x28  printf.o [2]
  .text              ro code   0x800'3a4c   0x210  stm32l4xx_nucleo.o [1]
  .text              ro code   0x800'3c5c   0x2b6  bluenrg_gap_aci.o [1]
  .text              ro code   0x800'3f14    0x28  stm32l4xx_hal.o [1]
  .text              ro code   0x800'3f3c   0x128  hci_le.o [1]
  .text              ro code   0x800'4064    0xac  fflush.o [2]
  .text              ro code   0x800'4110     0x6  ABImemclr4.o [4]
  .text              ro code   0x800'4118   0x2cc  hci_tl.o [1]
  .text              ro code   0x800'43e4   0x30c  stm32l4xx_hal_gpio.o [1]
  .text              ro code   0x800'46f0    0x4c  stm32l4xx_hal_exti.o [1]
  .text              ro code   0x800'473c   0x358  app_x-cube-ble1.o [1]
  .text              ro code   0x800'4a94    0x30  stm32l4xx_nucleo.o [1]
  .text              ro code   0x800'4ac4    0x10  write.o [5]
  .text              ro code   0x800'4ad4    0x32  ABImemset48.o [4]
  .text              ro code   0x800'4b06    0xae  ble_list.o [1]
  .text              ro code   0x800'4bb4   0x240  hci_tl_interface.o [1]
  .text              ro code   0x800'4df4   0x164  robot.o [1]
  .text              ro code   0x800'4f58    0x4e  bluenrg_utils_small.o [1]
  .text              ro code   0x800'4fa6    0xae  bluenrg_hal_aci.o [1]
  .text              ro code   0x800'5054    0x1e  dwrite.o [5]
  .text              ro code   0x800'5074   0x118  stm32l4xx_nucleo_bus.o [1]
  .text              ro code   0x800'518c    0x20  iarwstd.o [5]
  .text              ro code   0x800'51ac    0x22  iarwrite.o [5]
  .text              ro code   0x800'51d0   0x490  stm32l4xx_hal_spi.o [1]
  .text              ro code   0x800'5660   0x166  main.o [1]
  .text              ro code   0x800'57c8    0x2c  stm32l4xx_hal.o [1]
  .text              ro code   0x800'57f4    0x30  stm32l4xx_hal_msp.o [1]
  .text              ro code   0x800'5824    0x78  lz77_init_single.o [4]
  .rodata            const     0x800'589c    0x6c  sample_service.o [1]
  .text              ro code   0x800'5908    0x5c  system_stm32l4xx.o [1]
  .rodata            const     0x800'5964    0x30  system_stm32l4xx.o [1]
  .rodata            const     0x800'5994    0x2c  sample_service.o [1]
  .text              ro code   0x800'59c0    0x28  stm32l4xx_it.o [1]
  .text              ro code   0x800'59e8    0x10  stm32l4xx_hal.o [1]
  .text              ro code   0x800'59f8    0x28  data_init.o [4]
  .rodata            const     0x800'5a20    0x24  sample_service.o [1]
  .text              ro code   0x800'5a44    0x22  fpinit_M.o [3]
  .iar.init_table    const     0x800'5a68    0x20  - Linker created -
  .text              ro code   0x800'5a88    0x1e  cmain.o [4]
  .text              ro code   0x800'5aa6     0x4  low_level_init.o [2]
  .text              ro code   0x800'5aaa     0x4  exit.o [2]
  .text              ro code   0x800'5ab0     0xa  cexit.o [4]
  .text              ro code   0x800'5aba    0x16  xprout.o [2]
  .text              ro code   0x800'5ad0     0xc  putchar.o [2]
  .text              ro code   0x800'5adc    0x10  startup_stm32l476xx.o [1]
  .text              ro code   0x800'5aec     0xc  cstartup_M.o [4]
  .rodata            const     0x800'5af8     0x8  system_stm32l4xx.o [1]
  .text              ro code   0x800'5b00     0x4  startup_stm32l476xx.o [1]
  .text              ro code   0x800'5b04     0x4  startup_stm32l476xx.o [1]
  .text              ro code   0x800'5b08     0x4  startup_stm32l476xx.o [1]
  .text              ro code   0x800'5b0c     0x4  startup_stm32l476xx.o [1]
  .text              ro code   0x800'5b10     0x4  startup_stm32l476xx.o [1]
  .text              ro code   0x800'5b14     0x4  startup_stm32l476xx.o [1]
  .text              ro code   0x800'5b18     0x4  startup_stm32l476xx.o [1]
  .text              ro code   0x800'5b1c     0x4  startup_stm32l476xx.o [1]
  .text              ro code   0x800'5b20     0x4  startup_stm32l476xx.o [1]
  .text              ro code   0x800'5b24     0x4  startup_stm32l476xx.o [1]
  .text              ro code   0x800'5b28     0x4  startup_stm32l476xx.o [1]
  .text              ro code   0x800'5b2c     0x4  startup_stm32l476xx.o [1]
  .text              ro code   0x800'5b30     0x4  startup_stm32l476xx.o [1]
  .text              ro code   0x800'5b34     0x4  startup_stm32l476xx.o [1]
  .text              ro code   0x800'5b38     0x4  startup_stm32l476xx.o [1]
  .text              ro code   0x800'5b3c     0x4  startup_stm32l476xx.o [1]
  .text              ro code   0x800'5b40     0x4  startup_stm32l476xx.o [1]
  .text              ro code   0x800'5b44     0x4  startup_stm32l476xx.o [1]
  .text              ro code   0x800'5b48     0x4  startup_stm32l476xx.o [1]
  .text              ro code   0x800'5b4c     0x4  startup_stm32l476xx.o [1]
  .text              ro code   0x800'5b50     0x4  startup_stm32l476xx.o [1]
  .text              ro code   0x800'5b54     0x4  startup_stm32l476xx.o [1]
  .text              ro code   0x800'5b58     0x4  startup_stm32l476xx.o [1]
  .text              ro code   0x800'5b5c     0x4  startup_stm32l476xx.o [1]
  .text              ro code   0x800'5b60     0x4  startup_stm32l476xx.o [1]
  .text              ro code   0x800'5b64     0x4  startup_stm32l476xx.o [1]
  .text              ro code   0x800'5b68     0x4  startup_stm32l476xx.o [1]
  .text              ro code   0x800'5b6c     0x4  startup_stm32l476xx.o [1]
  .text              ro code   0x800'5b70     0x4  startup_stm32l476xx.o [1]
  .text              ro code   0x800'5b74     0x4  startup_stm32l476xx.o [1]
  .text              ro code   0x800'5b78     0x4  startup_stm32l476xx.o [1]
  .text              ro code   0x800'5b7c     0x4  startup_stm32l476xx.o [1]
  .text              ro code   0x800'5b80     0x4  startup_stm32l476xx.o [1]
  .text              ro code   0x800'5b84     0x4  startup_stm32l476xx.o [1]
  .text              ro code   0x800'5b88     0x4  startup_stm32l476xx.o [1]
  .text              ro code   0x800'5b8c     0x4  startup_stm32l476xx.o [1]
  .text              ro code   0x800'5b90     0x4  startup_stm32l476xx.o [1]
  .text              ro code   0x800'5b94     0x4  startup_stm32l476xx.o [1]
  .text              ro code   0x800'5b98     0x4  startup_stm32l476xx.o [1]
  .text              ro code   0x800'5b9c     0x4  startup_stm32l476xx.o [1]
  .text              ro code   0x800'5ba0     0x4  startup_stm32l476xx.o [1]
  .text              ro code   0x800'5ba4     0x4  startup_stm32l476xx.o [1]
  .text              ro code   0x800'5ba8     0x4  startup_stm32l476xx.o [1]
  .text              ro code   0x800'5bac     0x4  startup_stm32l476xx.o [1]
  .text              ro code   0x800'5bb0     0x4  startup_stm32l476xx.o [1]
  .text              ro code   0x800'5bb4     0x4  startup_stm32l476xx.o [1]
  .text              ro code   0x800'5bb8     0x4  startup_stm32l476xx.o [1]
  .text              ro code   0x800'5bbc     0x4  startup_stm32l476xx.o [1]
  .text              ro code   0x800'5bc0     0x4  startup_stm32l476xx.o [1]
  .text              ro code   0x800'5bc4     0x4  startup_stm32l476xx.o [1]
  .text              ro code   0x800'5bc8     0x4  startup_stm32l476xx.o [1]
  .text              ro code   0x800'5bcc     0x4  startup_stm32l476xx.o [1]
  .text              ro code   0x800'5bd0     0x4  startup_stm32l476xx.o [1]
  .text              ro code   0x800'5bd4     0x4  startup_stm32l476xx.o [1]
  .text              ro code   0x800'5bd8     0x4  startup_stm32l476xx.o [1]
  .text              ro code   0x800'5bdc     0x4  startup_stm32l476xx.o [1]
  .text              ro code   0x800'5be0     0x4  startup_stm32l476xx.o [1]
  .text              ro code   0x800'5be4     0x4  startup_stm32l476xx.o [1]
  .text              ro code   0x800'5be8     0x4  startup_stm32l476xx.o [1]
  .text              ro code   0x800'5bec     0x4  startup_stm32l476xx.o [1]
  .text              ro code   0x800'5bf0     0x4  startup_stm32l476xx.o [1]
  .text              ro code   0x800'5bf4     0x4  startup_stm32l476xx.o [1]
  .text              ro code   0x800'5bf8     0x4  startup_stm32l476xx.o [1]
  .text              ro code   0x800'5bfc     0x4  startup_stm32l476xx.o [1]
  .text              ro code   0x800'5c00     0x4  startup_stm32l476xx.o [1]
  .text              ro code   0x800'5c04     0x4  startup_stm32l476xx.o [1]
  .text              ro code   0x800'5c08     0x4  startup_stm32l476xx.o [1]
  .text              ro code   0x800'5c0c     0x4  startup_stm32l476xx.o [1]
  .text              ro code   0x800'5c10     0x4  startup_stm32l476xx.o [1]
  .text              ro code   0x800'5c14     0x4  startup_stm32l476xx.o [1]
  .text              ro code   0x800'5c18     0x4  startup_stm32l476xx.o [1]
  .text              ro code   0x800'5c1c     0x4  startup_stm32l476xx.o [1]
  .text              ro code   0x800'5c20     0x4  startup_stm32l476xx.o [1]
  .text              ro code   0x800'5c24     0x4  startup_stm32l476xx.o [1]
  .text              ro code   0x800'5c28     0x4  startup_stm32l476xx.o [1]
  .text              ro code   0x800'5c2c     0x4  startup_stm32l476xx.o [1]
  .text              ro code   0x800'5c30     0x4  startup_stm32l476xx.o [1]
  .text              ro code   0x800'5c34     0x4  startup_stm32l476xx.o [1]
  .text              ro code   0x800'5c38     0x4  startup_stm32l476xx.o [1]
  .rodata            const     0x800'5c3c     0x0  zero_init3.o [4]
  .rodata            const     0x800'5c3c     0x0  lz77_init_single.o [4]
  Initializer bytes  const     0x800'5c3c    0xa4  <for P2-P3-1>
                             - 0x800'5ce0  0x5b58

"P2-P3", part 1 of 3:                       0x1c0
  P2-P3-1                     0x2000'0000   0x1c0  <Init block>
    .data            inited   0x2000'0000    0x18  sample_service.o [1]
    .data            inited   0x2000'0018     0xc  stm32l4xx_hal.o [1]
    .data            inited   0x2000'0024     0x4  stm32l4xx_nucleo.o [1]
    .data            inited   0x2000'0028     0xc  stm32l4xx_nucleo.o [1]
    .data            inited   0x2000'0034     0x4  stm32l4xx_nucleo.o [1]
    .data            inited   0x2000'0038     0x4  system_stm32l4xx.o [1]
    .data            inited   0x2000'003c    0x48  xfiles.o [2]
    .data            inited   0x2000'0084    0x48  xfiles.o [2]
    .data            inited   0x2000'00cc    0x48  xfiles.o [2]
    .data            inited   0x2000'0114    0x20  xfiles.o [2]
    .data            inited   0x2000'0134    0x38  xlocale_c.o [2]
    .data            inited   0x2000'016c    0x48  xlocale_c.o [2]
    .data            inited   0x2000'01b4     0x8  XShttio.o [2]
    .data            inited   0x2000'01bc     0x4  app_x-cube-ble1.o [1]
                            - 0x2000'01c0   0x1c0

"P2-P3", part 2 of 3:                       0x598
  .bss               zero     0x2000'01c0   0x2ec  hci_tl.o [1]
  .bss               zero     0x2000'04ac   0x100  hci_tl_interface.o [1]
  .bss               zero     0x2000'05ac    0x80  stm32l4xx_nucleo.o [1]
  .bss               zero     0x2000'062c    0x68  stm32l4xx_nucleo_bus.o [1]
  .bss               zero     0x2000'0694    0x50  xfiles.o [2]
  .bss               zero     0x2000'06e4    0x50  xfiles.o [2]
  .bss               zero     0x2000'0734    0x14  robot.o [1]
  .bss               zero     0x2000'0748     0x8  hci_tl_interface.o [1]
  .bss               zero     0x2000'0750     0x4  xfail_s.o [2]
  .bss               zero     0x2000'0754     0x1  stm32l4xx_nucleo.o [1]
  .bss               zero     0x2000'0755     0x1  XShttio.o [2]
                            - 0x2000'0756   0x596

"P2-P3", part 3 of 3:                       0x400
  CSTACK                      0x2000'0758   0x400  <Block>
    CSTACK           uninit   0x2000'0758   0x400  <Block tail>
                            - 0x2000'0b58   0x400

Unused ranges:

         From           To      Size
         ----           --      ----
   0x800'5ce0   0x80f'ffff  0xf'a320
  0x2000'0b58  0x2001'7fff  0x1'74a8


*******************************************************************************
*** INIT TABLE
***

          Address      Size
          -------      ----
Zero (__iar_zero_init3)
    1 destination range, total size 0x596:
          0x2000'01c0  0x596

Copy/lz77 (__iar_lz77_init_single3)
    1 source range, total size 0xa4 (36% of destination):
           0x800'5c3c   0xa4
    1 destination range, total size 0x1c0:
          0x2000'0000  0x1c0



*******************************************************************************
*** MODULE SUMMARY
***

    Module                  ro code  ro data  rw data
    ------                  -------  -------  -------
command line/config:
    -------------------------------------------------
    Total:

D:\My Documents\GitHub\DMIT2504_BLE_Project\EmbeddedProjectC\Projects\STM32L476RG-Nucleo\Applications\SampleApp\EWARM\SampleApp\Obj: [1]
    app_x-cube-ble1.o           856        2        4
    ble_list.o                  174
    bluenrg_gap_aci.o           694
    bluenrg_gatt_aci.o          828
    bluenrg_hal_aci.o           174
    bluenrg_utils_small.o        78
    hci_le.o                    296
    hci_tl.o                    716               748
    hci_tl_interface.o          576               264
    main.o                      358
    robot.o                     356                20
    sample_service.o          1'244      196       24
    startup_stm32l476xx.o       724
    stm32l4xx_hal.o             180        5       12
    stm32l4xx_hal_cortex.o      196
    stm32l4xx_hal_exti.o         76
    stm32l4xx_hal_gpio.o        780
    stm32l4xx_hal_msp.o          48
    stm32l4xx_hal_pwr_ex.o      132
    stm32l4xx_hal_rcc.o       1'744
    stm32l4xx_hal_rcc_ex.o    1'348
    stm32l4xx_hal_spi.o       1'168
    stm32l4xx_hal_uart.o      1'392
    stm32l4xx_it.o               40
    stm32l4xx_nucleo.o          576        7      149
    stm32l4xx_nucleo_bus.o      280               104
    system_stm32l4xx.o           92       57        4
    -------------------------------------------------
    Total:                   15'126      267    1'329

dl7M_tlf.a: [2]
    XShttio.o                    60        3        9
    abort.o                       6
    exit.o                        4
    fflush.o                    172
    low_level_init.o              4
    printf.o                     40
    putchar.o                    12
    xencoding_8859_1.o           30
    xfail_s.o                    64                 4
    xfiles.o                              91      408
    xlocale_c.o                 124       52      128
    xmbcurmax.o                  10
    xprintffull.o             4'294
    xprout.o                     22
    -------------------------------------------------
    Total:                    4'842      146      549

m7M_tls.a: [3]
    DblAdd.o                    362
    DblCmpGe.o                   46
    DblCmpLe.o                   46
    DblDiv.o                    582
    DblMul.o                    418
    DblSub.o                    226
    DblToS32.o                   58
    DblToU32.o                   40
    S32ToDbl.o                   34
    U32ToDbl.o                   26
    fpinit_M.o                   34
    frexp.o                     112
    ldexp.o                     314
    -------------------------------------------------
    Total:                    2'298

rt7M_tl.a: [4]
    ABImemclr4.o                  6
    ABImemcpy_small.o            24
    ABImemset48.o                50
    I64DivMod_small.o           262
    I64DivZer.o                   2
    cexit.o                      10
    cmain.o                      30
    cstartup_M.o                 12
    data_init.o                  40
    lz77_init_single.o          120
    memchr.o                     88
    strchr.o                     22
    strlen.o                     54
    zero_init3.o                 58
    -------------------------------------------------
    Total:                      778

shb_l.a: [5]
    dwrite.o                     30
    exit.o                       20
    iarttio.o                   124
    iarwrite.o                   34
    iarwstd.o                    32
    write.o                      16
    -------------------------------------------------
    Total:                      256

    Gaps                         29        2
    Linker created                        32    1'024
-----------------------------------------------------
    Grand Total:             23'329      447    2'902


*******************************************************************************
*** ENTRY LIST
***

Entry                       Address   Size  Type      Object
-----                       -------   ----  ----      ------
.iar.init_table$$Base    0x800'5a68          --   Gb  - Linker created -
.iar.init_table$$Limit   0x800'5a88          --   Gb  - Linker created -
?main                    0x800'5a89         Code  Gb  cmain.o [4]
AHBPrescTable            0x800'5954   0x10  Data  Gb  system_stm32l4xx.o [1]
APBPrescTable            0x800'5af8    0x8  Data  Gb  system_stm32l4xx.o [1]
Add_Sample_Service       0x800'320d   0x8c  Code  Gb  sample_service.o [1]
Add_Sample_Service::charUuidRX
                         0x800'36b0   0x10  Data  Lc  sample_service.o [1]
Add_Sample_Service::charUuidTX
                         0x800'36a0   0x10  Data  Lc  sample_service.o [1]
Add_Sample_Service::service_uuid
                         0x800'3690   0x10  Data  Lc  sample_service.o [1]
Attribute_Modified_CB    0x800'3419   0x20  Code  Gb  sample_service.o [1]
BLE_Role                0x2000'01bf    0x1  Data  Gb  app_x-cube-ble1.o [1]
BSP_COM_Init             0x800'3b97   0x66  Code  Gb  stm32l4xx_nucleo.o [1]
BSP_GetTick              0x800'5145    0x4  Code  Gb  stm32l4xx_nucleo_bus.o [1]
BSP_LED_Init             0x800'3a4d   0x42  Code  Gb  stm32l4xx_nucleo.o [1]
BSP_LED_Off              0x800'3aa7    0x8  Code  Gb  stm32l4xx_nucleo.o [1]
BSP_LED_On               0x800'3a9d    0xa  Code  Gb  stm32l4xx_nucleo.o [1]
BSP_LED_Toggle           0x800'3ac9   0x18  Code  Gb  stm32l4xx_nucleo.o [1]
BSP_PB_Callback          0x800'494b    0x8  Code  Gb  app_x-cube-ble1.o [1]
BSP_PB_GetState          0x800'3b75    0x8  Code  Gb  stm32l4xx_nucleo.o [1]
BSP_PB_Init              0x800'3ae1   0x94  Code  Gb  stm32l4xx_nucleo.o [1]
BSP_PB_Init::BSP_BUTTON_PRIO
                         0x800'3c54    0x4  Data  Lc  stm32l4xx_nucleo.o [1]
BSP_PB_Init::BUTTON_EXTI_LINE
                         0x800'3c58    0x4  Data  Lc  stm32l4xx_nucleo.o [1]
BSP_PB_Init::ButtonCallback
                         0x800'3c50    0x4  Data  Lc  stm32l4xx_nucleo.o [1]
BSP_SPI1_Init            0x800'5075   0xa0  Code  Gb  stm32l4xx_nucleo_bus.o [1]
BSP_SPI1_SendRecv        0x800'5115   0x20  Code  Gb  stm32l4xx_nucleo_bus.o [1]
BUTTON_IRQn              0x800'3c4c    0x1  Data  Lc  stm32l4xx_nucleo.o [1]
BUTTON_PIN               0x800'3c48    0x2  Data  Lc  stm32l4xx_nucleo.o [1]
BUTTON_PORT             0x2000'0028    0x4  Data  Lc  stm32l4xx_nucleo.o [1]
BUTTON_USER_EXTI_Callback
                         0x800'3b91    0x6  Code  Lc  stm32l4xx_nucleo.o [1]
BusFault_Handler         0x800'59c7    0x2  Code  Gb  stm32l4xx_it.o [1]
COM_ActiveLogPort       0x2000'0754    0x1  Data  Lc  stm32l4xx_nucleo.o [1]
COM_USART               0x2000'0034    0x4  Data  Gb  stm32l4xx_nucleo.o [1]
CSTACK$$Base            0x2000'0758          --   Gb  - Linker created -
CSTACK$$Limit           0x2000'0b58          --   Gb  - Linker created -
CacheMore                0x800'128d   0x28  Code  Lc  xlocale_c.o [2]
DebugMon_Handler         0x800'59cd    0x2  Code  Gb  stm32l4xx_it.o [1]
EXTI0_IRQHandler         0x800'59d5    0x6  Code  Gb  stm32l4xx_it.o [1]
EXTI15_10_IRQHandler     0x800'59db    0x6  Code  Gb  stm32l4xx_it.o [1]
GAP_ConnectionComplete_CB
                         0x800'3439   0x36  Code  Gb  sample_service.o [1]
GAP_DisconnectionComplete_CB
                         0x800'3471   0x20  Code  Gb  sample_service.o [1]
GATT_Notification_CB     0x800'3491   0x10  Code  Gb  sample_service.o [1]
HAL_Delay                0x800'3f15   0x28  Code  Wk  stm32l4xx_hal.o [1]
HAL_EXTI_GetHandle       0x800'46ff    0xc  Code  Gb  stm32l4xx_hal_exti.o [1]
HAL_EXTI_IRQHandler      0x800'470b   0x2e  Code  Gb  stm32l4xx_hal_exti.o [1]
HAL_EXTI_RegisterCallback
                         0x800'46f1    0xe  Code  Gb  stm32l4xx_hal_exti.o [1]
HAL_GPIO_DeInit          0x800'45a9  0x100  Code  Gb  stm32l4xx_hal_gpio.o [1]
HAL_GPIO_Init            0x800'43e5  0x1c4  Code  Gb  stm32l4xx_hal_gpio.o [1]
HAL_GPIO_ReadPin         0x800'46a9    0xc  Code  Gb  stm32l4xx_hal_gpio.o [1]
HAL_GPIO_TogglePin       0x800'46bf    0xe  Code  Gb  stm32l4xx_hal_gpio.o [1]
HAL_GPIO_WritePin        0x800'46b5    0xa  Code  Gb  stm32l4xx_hal_gpio.o [1]
HAL_GetTick              0x800'2605    0xc  Code  Wk  stm32l4xx_hal.o [1]
HAL_IncTick              0x800'59e9   0x10  Code  Wk  stm32l4xx_hal.o [1]
HAL_Init                 0x800'57c9   0x28  Code  Gb  stm32l4xx_hal.o [1]
HAL_InitTick             0x800'25c1   0x44  Code  Wk  stm32l4xx_hal.o [1]
HAL_MspInit              0x800'57f5   0x30  Code  Gb  stm32l4xx_hal_msp.o [1]
HAL_NVIC_EnableIRQ       0x800'2703    0xa  Code  Gb  stm32l4xx_hal_cortex.o [1]
HAL_NVIC_SetPriority     0x800'26c9   0x3a  Code  Gb  stm32l4xx_hal_cortex.o [1]
HAL_NVIC_SetPriorityGrouping
                         0x800'26af   0x1a  Code  Gb  stm32l4xx_hal_cortex.o [1]
HAL_PWREx_ControlVoltageScaling
                         0x800'261d   0x5c  Code  Gb  stm32l4xx_hal_pwr_ex.o [1]
HAL_PWREx_GetVoltageRange
                         0x800'2611    0xc  Code  Gb  stm32l4xx_hal_pwr_ex.o [1]
HAL_RCCEx_PeriphCLKConfig
                         0x800'2cc9  0x31e  Code  Gb  stm32l4xx_hal_rcc_ex.o [1]
HAL_RCC_ClockConfig      0x800'233d  0x100  Code  Gb  stm32l4xx_hal_rcc.o [1]
HAL_RCC_GetPCLK1Freq     0x800'24e3   0x10  Code  Gb  stm32l4xx_hal_rcc.o [1]
HAL_RCC_GetPCLK2Freq     0x800'24f3    0xe  Code  Gb  stm32l4xx_hal_rcc.o [1]
HAL_RCC_GetSysClockFreq
                         0x800'2451   0x92  Code  Gb  stm32l4xx_hal_rcc.o [1]
HAL_RCC_OscConfig        0x800'1ef1  0x428  Code  Gb  stm32l4xx_hal_rcc.o [1]
HAL_SPI_GetState         0x800'54e9    0x6  Code  Gb  stm32l4xx_hal_spi.o [1]
HAL_SPI_Init             0x800'51d1   0xa2  Code  Gb  stm32l4xx_hal_spi.o [1]
HAL_SPI_TransmitReceive
                         0x800'5289  0x1fe  Code  Gb  stm32l4xx_hal_spi.o [1]
HAL_SYSTICK_Config       0x800'2717   0x28  Code  Gb  stm32l4xx_hal_cortex.o [1]
HAL_UART_Init            0x800'2759   0x30  Code  Gb  stm32l4xx_hal_uart.o [1]
HAL_UART_Transmit        0x800'27d9   0xb4  Code  Gb  stm32l4xx_hal_uart.o [1]
HCI_TL_SPI_DeInit        0x800'4c0f   0x1a  Code  Gb  hci_tl_interface.o [1]
HCI_TL_SPI_Init          0x800'4bb5   0x44  Code  Gb  hci_tl_interface.o [1]
HCI_TL_SPI_Receive       0x800'4c59   0x72  Code  Gb  hci_tl_interface.o [1]
HCI_TL_SPI_Reset         0x800'4c31   0x26  Code  Gb  hci_tl_interface.o [1]
HCI_TL_SPI_Send          0x800'4cd9   0x78  Code  Gb  hci_tl_interface.o [1]
HCI_TL_SPI_Send::read_char_buf
                        0x2000'04ac  0x100  Data  Lc  hci_tl_interface.o [1]
HardFault_Handler        0x800'59c3    0x2  Code  Gb  stm32l4xx_it.o [1]
LED_PIN                  0x800'3c44    0x2  Data  Lc  stm32l4xx_nucleo.o [1]
LED_PORT                0x2000'0024    0x4  Data  Lc  stm32l4xx_nucleo.o [1]
MSIRangeTable            0x800'5964   0x30  Data  Gb  system_stm32l4xx.o [1]
MX_BlueNRG_MS_Init       0x800'473d  0x13a  Code  Gb  app_x-cube-ble1.o [1]
MX_BlueNRG_MS_Process    0x800'4899   0xb2  Code  Gb  app_x-cube-ble1.o [1]
Make_Connection          0x800'3299   0x9e  Code  Gb  sample_service.o [1]
Make_Connection{1}{5}::local_name
                         0x800'36c0    0x8  Data  Lc  sample_service.o [1]
MemManage_Handler        0x800'59c5    0x2  Code  Gb  stm32l4xx_it.o [1]
NMI_Handler              0x800'59c1    0x2  Code  Gb  stm32l4xx_it.o [1]
NVIC_SetPriority         0x800'2695   0x1a  Code  Lc  stm32l4xx_hal_cortex.o [1]
PendSV_Handler           0x800'59cf    0x2  Code  Gb  stm32l4xx_it.o [1]
RCCEx_PLLSAI1_Config     0x800'3001   0xe6  Code  Lc  stm32l4xx_hal_rcc_ex.o [1]
RCCEx_PLLSAI2_Config     0x800'30ed   0xce  Code  Lc  stm32l4xx_hal_rcc_ex.o [1]
RCC_SetFlashLatencyFromMSIRange
                         0x800'250b   0x74  Code  Lc  stm32l4xx_hal_rcc.o [1]
RXCharHandle            0x2000'0010    0x2  Data  Gb  sample_service.o [1]
Region$$Table$$Base      0x800'5a68          --   Gb  - Linker created -
Region$$Table$$Limit     0x800'5a88          --   Gb  - Linker created -
Robot_Forward            0x800'4e15   0x12  Code  Gb  robot.o [1]
Robot_ParseCommand       0x800'4ecd   0x58  Code  Gb  robot.o [1]
Robot_Reverse            0x800'4e27   0x12  Code  Gb  robot.o [1]
Robot_Run                0x800'4e79   0x54  Code  Gb  robot.o [1]
Robot_Stop               0x800'4df5   0x20  Code  Gb  robot.o [1]
Robot_TurnLeft           0x800'4e59   0x12  Code  Gb  robot.o [1]
Robot_TurnRight          0x800'4e39   0x12  Code  Gb  robot.o [1]
SPI1InitCounter         0x2000'0690    0x4  Data  Lc  stm32l4xx_nucleo_bus.o [1]
SPI_EndRxTxTransaction   0x800'5617   0x2e  Code  Lc  stm32l4xx_hal_spi.o [1]
SPI_WaitFifoStateUntilTimeout
                         0x800'5575   0x8a  Code  Lc  stm32l4xx_hal_spi.o [1]
SPI_WaitFlagStateUntilTimeout
                         0x800'54ef   0x86  Code  Lc  stm32l4xx_hal_spi.o [1]
SVC_Handler              0x800'59cb    0x2  Code  Gb  stm32l4xx_it.o [1]
SysTick_Handler          0x800'59d1    0x4  Code  Gb  stm32l4xx_it.o [1]
SystemClock_Config       0x800'5747   0x76  Code  Gb  main.o [1]
SystemCoreClock         0x2000'0038    0x4  Data  Gb  system_stm32l4xx.o [1]
SystemInit               0x800'5909   0x3c  Code  Gb  system_stm32l4xx.o [1]
TXCharHandle            0x2000'000e    0x2  Data  Gb  sample_service.o [1]
UART_AdvFeatureConfig    0x800'2b41   0xc6  Code  Gb  stm32l4xx_hal_uart.o [1]
UART_CheckIdleState      0x800'2c07   0x5a  Code  Gb  stm32l4xx_hal_uart.o [1]
UART_SetConfig           0x800'288d  0x276  Code  Gb  stm32l4xx_hal_uart.o [1]
UART_WaitOnFlagUntilTimeout
                         0x800'2c61   0x5a  Code  Gb  stm32l4xx_hal_uart.o [1]
UsageFault_Handler       0x800'59c9    0x2  Code  Gb  stm32l4xx_it.o [1]
_Encoding_8859_1_Mbrlen
                         0x800'132d    0x2  Code  Gb  xencoding_8859_1.o [2]
_Encoding_8859_1_Wctomb
                         0x800'131b   0x12  Code  Gb  xencoding_8859_1.o [2]
_Files                  0x2000'0114   0x20  Data  Gb  xfiles.o [2]
_LitobFull               0x800'109b  0x10a  Code  Lc  xprintffull.o [2]
_Locale_lconv           0x2000'0134   0x38  Data  Lc  xlocale_c.o [2]
_PrintfFull              0x800'0189  0xcc4  Code  Gb  xprintffull.o [2]
_Prout                   0x800'5abb   0x16  Code  Gb  xprout.o [2]
_PutcharsFull            0x800'120d   0x2e  Code  Lc  xprintffull.o [2]
_PutstrFull              0x800'0fdb   0xc0  Code  Lc  xprintffull.o [2]
_PuttxtFull              0x800'0ecf  0x10c  Code  Lc  xprintffull.o [2]
__aeabi_cdcmple          0x800'1491         Code  Gb  DblCmpLe.o [3]
__aeabi_cdrcmple         0x800'14c1         Code  Gb  DblCmpGe.o [3]
__aeabi_d2iz             0x800'162d         Code  Gb  DblToS32.o [3]
__aeabi_d2uiz            0x800'19b9         Code  Gb  DblToU32.o [3]
__aeabi_ddiv             0x800'1771         Code  Gb  DblDiv.o [3]
__aeabi_dmul             0x800'19fd         Code  Gb  DblMul.o [3]
__aeabi_dsub             0x800'168d         Code  Gb  DblSub.o [3]
__aeabi_i2d              0x800'1669         Code  Gb  S32ToDbl.o [3]
__aeabi_ldiv0            0x800'1e21         Code  Gb  I64DivZer.o [4]
__aeabi_memclr4          0x800'4111         Code  Gb  ABImemclr4.o [4]
__aeabi_ui2d             0x800'19e1         Code  Gb  U32ToDbl.o [3]
__cmain                  0x800'5a89         Code  Gb  cmain.o [4]
__dwrite                 0x800'5055   0x1e  Code  Gb  dwrite.o [5]
__exit                   0x800'1e25   0x14  Code  Gb  exit.o [5]
__iar_Fail_s             0x800'1339   0x1c  Code  Gb  xfail_s.o [2]
__iar_Mbcurmax           0x800'1b9f    0xa  Code  Gb  xmbcurmax.o [2]
__iar_Memchr             0x800'13b1         Code  Gb  memchr.o [4]
__iar_Memset4_word       0x800'4ad5         Code  Gb  ABImemset48.o [4]
__iar_Memset8_word       0x800'4ad5         Code  Gb  ABImemset48.o [4]
__iar_Stderr            0x2000'00cc   0x48  Data  Gb  xfiles.o [2]
__iar_Stdin             0x2000'003c   0x48  Data  Gb  xfiles.o [2]
__iar_Stdout            0x2000'0084   0x48  Data  Gb  xfiles.o [2]
__iar_Strchr             0x800'1305         Code  Gb  strchr.o [4]
__iar_close_ttio         0x800'1e39   0x2c  Code  Gb  iarttio.o [5]
__iar_dadd               0x800'169d         Code  Gb  DblSub.o [3]
__iar_data_init3         0x800'59f9   0x28  Code  Gb  data_init.o [4]
__iar_dsub               0x800'1cb5         Code  Gb  DblAdd.o [3]
__iar_dsubStart          0x800'1cc7         Code  Gb  DblAdd.o [3]
__iar_frexp              0x800'142d         Code  Gb  frexp.o [3]
__iar_frexpl             0x800'142d         Code  Gb  frexp.o [3]
__iar_get_ttio           0x800'1e65   0x4c  Code  Gb  iarttio.o [5]
__iar_globLocale        0x2000'016c   0x48  Data  Lc  xlocale_c.o [2]
__iar_global_Locale      0x800'1289    0x4  Code  Gb  xlocale_c.o [2]
__iar_init_vfp           0x800'5a45         Code  Gb  fpinit_M.o [3]
__iar_ldexp64            0x800'14f1         Code  Gb  ldexp.o [3]
__iar_lookup_ttioh       0x800'1ee3    0x4  Code  Gb  XShttio.o [2]
__iar_lz77_init_single3
                         0x800'5825   0x78  Code  Gb  lz77_init_single.o [4]
__iar_program_start      0x800'5aed         Code  Gb  cstartup_M.o [4]
__iar_scalbln64          0x800'14f1         Code  Gb  ldexp.o [3]
__iar_scalbn64           0x800'14f1         Code  Gb  ldexp.o [3]
__iar_sh_stdout          0x800'518d   0x20  Code  Gb  iarwstd.o [5]
__iar_sh_write           0x800'51ad   0x22  Code  Gb  iarwrite.o [5]
__iar_small_Memcpy       0x800'140d         Code  Gb  ABImemcpy_small.o [4]
__iar_small_memcpy       0x800'1409         Code  Gb  ABImemcpy_small.o [4]
__iar_small_memcpy4      0x800'1409         Code  Gb  ABImemcpy_small.o [4]
__iar_small_memcpy8      0x800'1409         Code  Gb  ABImemcpy_small.o [4]
__iar_small_uldivmod     0x800'1ba9         Code  Gb  I64DivMod_small.o [4]
__iar_softfp___iar_frexp64
                         0x800'1421         Code  Gb  frexp.o [3]
__iar_softfp_frexp       0x800'1421         Code  Gb  frexp.o [3]
__iar_softfp_frexpl      0x800'1421         Code  Gb  frexp.o [3]
__iar_ttio_guard_lock    0x800'1eb5   0x1e  Code  Gb  XShttio.o [2]
__iar_ttio_guard_unlock
                         0x800'1ed3   0x10  Code  Gb  XShttio.o [2]
__iar_ttio_handles      0x2000'01b4    0x8  Data  Lc  XShttio.o [2]
__iar_zero_init3         0x800'124f   0x3a  Code  Gb  zero_init3.o [4]
__low_level_init         0x800'5aa7    0x4  Code  Gb  low_level_init.o [2]
__vector_table           0x800'0000         Data  Gb  startup_stm32l476xx.o [1]
__write                  0x800'4ac5   0x10  Code  Gb  write.o [5]
_call_main               0x800'5a95         Code  Gb  cmain.o [4]
_exit                    0x800'5ab1         Code  Gb  cexit.o [4]
_gLocale_mblen           0x800'12f1    0x4  Code  Gb  xlocale_c.o [2]
_gLocale_mblenInt        0x800'12b5   0x2c  Code  Gb  xlocale_c.o [2]
_gLocale_wctomb          0x800'12f5    0x4  Code  Gb  xlocale_c.o [2]
_gLocale_wctombInt       0x800'12ed    0x4  Code  Gb  xlocale_c.o [2]
_main                    0x800'5aa3         Code  Gb  cmain.o [4]
abort                    0x800'1caf    0x6  Code  Gb  abort.o [2]
aci_gap_create_connection
                         0x800'3e4f   0x22  Code  Gb  bluenrg_gap_aci.o [1]
aci_gap_init_IDB04A1     0x800'3cb1   0x4c  Code  Gb  bluenrg_gap_aci.o [1]
aci_gap_init_IDB05A1     0x800'3c5d   0x54  Code  Gb  bluenrg_gap_aci.o [1]
aci_gap_set_auth_requirement
                         0x800'3da3   0x64  Code  Gb  bluenrg_gap_aci.o [1]
aci_gap_set_discoverable
                         0x800'3d0d   0x3c  Code  Gb  bluenrg_gap_aci.o [1]
aci_gatt_add_char        0x800'3773   0xac  Code  Gb  bluenrg_gatt_aci.o [1]
aci_gatt_add_serv        0x800'3715   0x5e  Code  Gb  bluenrg_gatt_aci.o [1]
aci_gatt_disc_charac_by_uuid
                         0x800'38a9   0x4e  Code  Gb  bluenrg_gatt_aci.o [1]
aci_gatt_init            0x800'36e9   0x2c  Code  Gb  bluenrg_gatt_aci.o [1]
aci_gatt_update_char_value
                         0x800'383f   0x62  Code  Gb  bluenrg_gatt_aci.o [1]
aci_gatt_write_charac_descriptor
                         0x800'3947   0x32  Code  Gb  bluenrg_gatt_aci.o [1]
aci_gatt_write_without_response
                         0x800'39bf   0x42  Code  Gb  bluenrg_gatt_aci.o [1]
aci_hal_set_tx_power_level
                         0x800'5015   0x40  Code  Gb  bluenrg_hal_aci.o [1]
aci_hal_write_config_data
                         0x800'4fb9   0x54  Code  Gb  bluenrg_hal_aci.o [1]
bnrg_expansion_board    0x2000'01bc    0x1  Data  Gb  app_x-cube-ble1.o [1]
command                 0x2000'0734    0x4  Data  Gb  robot.o [1]
connected               0x2000'0014    0x4  Data  Gb  sample_service.o [1]
connection_handle       0x2000'0006    0x2  Data  Gb  sample_service.o [1]
ebuf                    0x2000'0694   0x50  Data  Lc  xfiles.o [2]
enableNotification       0x800'33dd   0x3c  Code  Gb  sample_service.o [1]
end_read_rx_char_handle
                        0x2000'0005    0x1  Data  Gb  sample_service.o [1]
end_read_tx_char_handle
                        0x2000'0004    0x1  Data  Gb  sample_service.o [1]
exit                     0x800'5aab    0x4  Code  Gb  exit.o [2]
fflush                   0x800'40d9   0x34  Code  Gb  fflush.o [2]
fflushOne                0x800'4065   0x74  Code  Lc  fflush.o [2]
fputc                    0x800'3c0b   0x1c  Code  Gb  stm32l4xx_nucleo.o [1]
getBlueNRGVersion        0x800'4f59   0x4e  Code  Gb  bluenrg_utils_small.o [1]
hciContext              0x2000'01c0   0x20  Data  Lc  hci_tl.o [1]
hciReadPacketBuffer     0x2000'01f0  0x2bc  Data  Lc  hci_tl.o [1]
hciReadPktPool          0x2000'01e0    0x8  Data  Gb  hci_tl.o [1]
hciReadPktRxQueue       0x2000'01e8    0x8  Data  Gb  hci_tl.o [1]
hci_init                 0x800'413d   0x50  Code  Gb  hci_tl.o [1]
hci_le_read_local_version
                         0x800'3f65   0x50  Code  Gb  hci_le.o [1]
hci_le_set_scan_resp_data
                         0x800'3fdb   0x36  Code  Gb  hci_le.o [1]
hci_notify_asynch_evt    0x800'4379   0x66  Code  Gb  hci_tl.o [1]
hci_register_io_bus      0x800'418d   0x18  Code  Gb  hci_tl.o [1]
hci_reset                0x800'3f3d   0x28  Code  Gb  hci_le.o [1]
hci_send_req             0x800'41a5  0x18e  Code  Gb  hci_tl.o [1]
hci_tl_lowlevel_init     0x800'4d51   0x4e  Code  Gb  hci_tl_interface.o [1]
hci_tl_lowlevel_isr      0x800'4dc9   0x1c  Code  Gb  hci_tl_interface.o [1]
hci_user_evt_proc        0x800'433b   0x3e  Code  Gb  hci_tl.o [1]
hcom_uart               0x2000'05ac   0x80  Data  Gb  stm32l4xx_nucleo.o [1]
hexti0                  0x2000'0748    0x8  Data  Gb  hci_tl_interface.o [1]
hpb_exti                0x2000'002c    0x8  Data  Gb  stm32l4xx_nucleo.o [1]
hspi1                   0x2000'062c   0x64  Data  Gb  stm32l4xx_nucleo_bus.o [1]
lTimer                  0x2000'0740    0x4  Data  Gb  robot.o [1]
ldexp                    0x800'14f1         Code  Gb  ldexp.o [3]
ldexpl                   0x800'14f1         Code  Gb  ldexp.o [3]
list_get_size            0x800'4b95   0x18  Code  Gb  ble_list.o [1]
list_init_head           0x800'4b07    0x6  Code  Gb  ble_list.o [1]
list_insert_head         0x800'4b1f   0x14  Code  Gb  ble_list.o [1]
list_insert_tail         0x800'4b33   0x14  Code  Gb  ble_list.o [1]
list_is_empty            0x800'4b0d   0x12  Code  Gb  ble_list.o [1]
list_remove_head         0x800'4b5f   0x12  Code  Gb  ble_list.o [1]
list_remove_node         0x800'4b47   0x12  Code  Gb  ble_list.o [1]
list_remove_tail         0x800'4b71   0x10  Code  Gb  ble_list.o [1]
localeconv               0x800'12f9    0x4  Code  Gb  xlocale_c.o [2]
main                     0x800'5661   0xcc  Code  Gb  main.o [1]
memchr                   0x800'13b1         Code  Gb  memchr.o [4]
move_list                0x800'4119   0x24  Code  Lc  hci_tl.o [1]
notification_enabled    0x2000'0001    0x1  Data  Gb  sample_service.o [1]
obuf                    0x2000'06e4   0x50  Data  Lc  xfiles.o [2]
prev_state              0x2000'0739    0x1  Data  Gb  robot.o [1]
printf                   0x800'3a25   0x28  Code  Gb  printf.o [2]
putchar                  0x800'5ad1    0xc  Code  Gb  putchar.o [2]
rTimer                  0x2000'073c    0x4  Data  Gb  robot.o [1]
receiveData              0x800'3381   0x2a  Code  Gb  sample_service.o [1]
robot_duty_cycle        0x2000'0744    0x4  Data  Gb  robot.o [1]
robot_state             0x2000'0738    0x1  Data  Gb  robot.o [1]
rx_handle               0x2000'000a    0x2  Data  Gb  sample_service.o [1]
sampleServHandle        0x2000'000c    0x2  Data  Gb  sample_service.o [1]
scalbln                  0x800'14f1         Code  Gb  ldexp.o [3]
scalblnl                 0x800'14f1         Code  Gb  ldexp.o [3]
scalbn                   0x800'14f1         Code  Gb  ldexp.o [3]
scalbnl                  0x800'14f1         Code  Gb  ldexp.o [3]
scale                    0x800'11a5   0x46  Code  Lc  xprintffull.o [2]
sec_hand                0x2000'0750    0x4  Data  Lc  xfail_s.o [2]
sendData                 0x800'33ab   0x32  Code  Gb  sample_service.o [1]
set_connectable         0x2000'0000    0x1  Data  Gb  sample_service.o [1]
speed                   0x2000'073a    0x2  Data  Gb  robot.o [1]
startReadRXCharHandle    0x800'3355   0x1c  Code  Gb  sample_service.o [1]
startReadRXCharHandle{1}{2}::charUuid128_RX
                         0x800'36d8   0x10  Data  Lc  sample_service.o [1]
startReadTXCharHandle    0x800'3339   0x1c  Code  Gb  sample_service.o [1]
startReadTXCharHandle{1}{2}::charUuid128_TX
                         0x800'36c8   0x10  Data  Lc  sample_service.o [1]
start_read_rx_char_handle
                        0x2000'0003    0x1  Data  Gb  sample_service.o [1]
start_read_tx_char_handle
                        0x2000'0002    0x1  Data  Gb  sample_service.o [1]
strchr                   0x800'1305         Code  Gb  strchr.o [4]
strlen                   0x800'1379         Code  Gb  strlen.o [4]
ttio_guard              0x2000'0755    0x1  Data  Lc  XShttio.o [2]
tx_handle               0x2000'0008    0x2  Data  Gb  sample_service.o [1]
user_button_init_state  0x2000'01bd    0x1  Data  Lc  app_x-cube-ble1.o [1]
user_button_pressed     0x2000'01be    0x1  Data  Lc  app_x-cube-ble1.o [1]
user_notify              0x800'34a9   0xce  Code  Gb  sample_service.o [1]
uwTick                  0x2000'0018    0x4  Data  Gb  stm32l4xx_hal.o [1]
uwTickFreq              0x2000'0020    0x4  Data  Gb  stm32l4xx_hal.o [1]
uwTickPrio              0x2000'001c    0x4  Data  Gb  stm32l4xx_hal.o [1]


[1] = D:\My Documents\GitHub\DMIT2504_BLE_Project\EmbeddedProjectC\Projects\STM32L476RG-Nucleo\Applications\SampleApp\EWARM\SampleApp\Obj
[2] = dl7M_tlf.a
[3] = m7M_tls.a
[4] = rt7M_tl.a
[5] = shb_l.a

  23'329 bytes of readonly  code memory
     447 bytes of readonly  data memory
   2'902 bytes of readwrite data memory

Errors: none
Warnings: none
