###############################################################################
#
# IAR ELF Linker V8.40.1.212/W32 for ARM                  24/Jun/2019  08:34:09
# Copyright 2007-2019 IAR Systems AB.
#
#    Output file  =
#        D:\CARLOS\TEST-GITHUB\DMIT2504_BLE_Project\EmbeddedProject\Debug\Exe\L476xx.out
#    Map file     =
#        D:\CARLOS\TEST-GITHUB\DMIT2504_BLE_Project\EmbeddedProject\Debug\List\L476xx.map
#    Command line =
#        -f C:\Users\CARLOS~1\AppData\Local\Temp\EW6856.tmp
#        (D:\CARLOS\TEST-GITHUB\DMIT2504_BLE_Project\EmbeddedProject\Debug\Obj\buffer.o
#        D:\CARLOS\TEST-GITHUB\DMIT2504_BLE_Project\EmbeddedProject\Debug\Obj\comhandler.o
#        D:\CARLOS\TEST-GITHUB\DMIT2504_BLE_Project\EmbeddedProject\Debug\Obj\comport.o
#        D:\CARLOS\TEST-GITHUB\DMIT2504_BLE_Project\EmbeddedProject\Debug\Obj\gpio.o
#        D:\CARLOS\TEST-GITHUB\DMIT2504_BLE_Project\EmbeddedProject\Debug\Obj\gpioex.o
#        D:\CARLOS\TEST-GITHUB\DMIT2504_BLE_Project\EmbeddedProject\Debug\Obj\hal.o
#        D:\CARLOS\TEST-GITHUB\DMIT2504_BLE_Project\EmbeddedProject\Debug\Obj\httpparser.o
#        D:\CARLOS\TEST-GITHUB\DMIT2504_BLE_Project\EmbeddedProject\Debug\Obj\main.o
#        D:\CARLOS\TEST-GITHUB\DMIT2504_BLE_Project\EmbeddedProject\Debug\Obj\spw04sx.o
#        D:\CARLOS\TEST-GITHUB\DMIT2504_BLE_Project\EmbeddedProject\Debug\Obj\startup_stm32l476xx.o
#        D:\CARLOS\TEST-GITHUB\DMIT2504_BLE_Project\EmbeddedProject\Debug\Obj\stm32rtc.o
#        D:\CARLOS\TEST-GITHUB\DMIT2504_BLE_Project\EmbeddedProject\Debug\Obj\stopwatch.o
#        D:\CARLOS\TEST-GITHUB\DMIT2504_BLE_Project\EmbeddedProject\Debug\Obj\sysl476xx.o
#        D:\CARLOS\TEST-GITHUB\DMIT2504_BLE_Project\EmbeddedProject\Debug\Obj\system_stm32l4xx.o
#        D:\CARLOS\TEST-GITHUB\DMIT2504_BLE_Project\EmbeddedProject\Debug\Obj\timehandler.o
#        D:\CARLOS\TEST-GITHUB\DMIT2504_BLE_Project\EmbeddedProject\Debug\Obj\uart.o
#        D:\CARLOS\TEST-GITHUB\DMIT2504_BLE_Project\EmbeddedProject\Debug\Obj\unixtime.o
#        D:\CARLOS\TEST-GITHUB\DMIT2504_BLE_Project\EmbeddedProject\Debug\Obj\x_gpio.o
#        D:\CARLOS\TEST-GITHUB\DMIT2504_BLE_Project\EmbeddedProject\Debug\Obj\x_handler.o
#        D:\CARLOS\TEST-GITHUB\DMIT2504_BLE_Project\EmbeddedProject\Debug\Obj\x_rtc.o
#        D:\CARLOS\TEST-GITHUB\DMIT2504_BLE_Project\EmbeddedProject\Debug\Obj\x_system.o
#        --no_out_extension -o
#        D:\CARLOS\TEST-GITHUB\DMIT2504_BLE_Project\EmbeddedProject\Debug\Exe\L476xx.out
#        --redirect _Printf=_PrintfTiny --redirect _Scanf=_ScanfSmallNoMb --map
#        D:\CARLOS\TEST-GITHUB\DMIT2504_BLE_Project\EmbeddedProject\Debug\List\L476xx.map
#        --config "D:\Programs\IAR Systems\Embedded Workbench
#        8.3\arm\config\linker\ST\stm32l476xG.icf" --semihosting --entry
#        __iar_program_start --redirect __iar_sh_stdout=__iar_sh_stdout_swo
#        --vfe --text_out locale --no_free_heap)
#
###############################################################################

*******************************************************************************
*** RUNTIME MODEL ATTRIBUTES
***

CppFlavor                     = *
__CPP_Exceptions              = Disabled
__CPP_Language                = C++14
__SystemLibrary               = DLib
__dlib_dynamic_initialization = normal
__dlib_version                = 6


*******************************************************************************
*** HEAP SELECTION
***

The no free heap was selected because of --no_free_heap.


*******************************************************************************
*** PLACEMENT SUMMARY
***

"A0":  place at address 0x800'0000 { ro section .intvec };
"P1":  place in [from 0x0 to 0x0] |
                [from 0x800'0000 to 0x80f'ffff] { ro };
define block CSTACK with size = 8K, alignment = 8 { };
define block PROC_STACK with size = 0, alignment = 8 { };
define block HEAP with size = 8K, alignment = 8 { };
"P3":  place in [from 0x2000'0000 to 0x2001'7fff] {
          rw, block CSTACK, block PROC_STACK, block HEAP };

No sections matched the following patterns:

  ro section application_specific_ro  in "P2|P5"
  rw section application_specific_rw  in "P2|P5"
  section .textrw                     in "P4"


  Section                Kind         Address    Size  Object
  -------                ----         -------    ----  ------
"A0":                                           0x188
  .intvec                ro code   0x800'0000   0x188  startup_stm32l476xx.o [1]
                                 - 0x800'0188   0x188

"P1":                                          0x1bb0
  .text                  ro code   0x800'0188   0x404  hal.o [1]
  .text                  ro code   0x800'058c   0x2fe  sysl476xx.o [1]
  .text                  ro code   0x800'088a    0xe0  uart.o [1]
  .text                  ro code   0x800'096a    0x18  x_system.o [1]
  .text                  ro code   0x800'0982    0x3a  zero_init3.o [5]
  .text                  ro code   0x800'09bc     0xc  sysl476xx.o [1]
  .text                  ro code   0x800'09c8    0x10  sysl476xx.o [1]
  .text                  ro code   0x800'09d8    0x18  sysl476xx.o [1]
  .text                  ro code   0x800'09f0     0xc  sysl476xx.o [1]
  .text                  ro code   0x800'09fc    0x18  sysl476xx.o [1]
  .text                  ro code   0x800'0a14     0xc  sysl476xx.o [1]
  .text                  ro code   0x800'0a20    0xc0  buffer.o [1]
  .text                  ro code   0x800'0ae0   0x220  gpio.o [1]
  .text                  ro code   0x800'0d00   0x24e  gpioex.o [1]
  .text                  ro code   0x800'0f4e    0x66  comport.o [1]
  .text                  ro code   0x800'0fb4   0x178  stm32rtc.o [1]
  .text                  ro code   0x800'112c    0x34  x_handler.o [1]
  .text                  ro code   0x800'1160    0x1c  timehandler.o [1]
  .text                  ro code   0x800'117c    0x8c  x_rtc.o [1]
  .text                  ro code   0x800'1208    0x58  comhandler.o [1]
  .text                  ro code   0x800'1260    0x96  stopwatch.o [1]
  .text                  ro code   0x800'12f6    0x28  uart.o [1]
  .text                  ro code   0x800'131e     0x8  sysl476xx.o [1]
  .text                  ro code   0x800'1326    0x34  x_gpio.o [1]
  .rodata                const     0x800'135a     0x1  unwind_debug.o [6]
  .text                  ro code   0x800'135c   0x2c8  unixtime.o [1]
  .text                  ro code   0x800'1624    0xa6  ABImemcpy.o [5]
  .text                  ro code   0x800'16ca    0x12  x_rtc.o [1]
  .text                  ro code   0x800'16dc    0x20  sysl476xx.o [1]
  .text                  ro code   0x800'16fc   0x274  I64DivMod.o [5]
  .text                  ro code   0x800'1970     0x8  sysl476xx.o [1]
  .text                  ro code   0x800'1978     0x2  I64DivZer.o [5]
  .text                  ro code   0x800'197c     0xc  sysl476xx.o [1]
  .text                  ro code   0x800'1988    0x60  system_stm32l4xx.o [1]
  .text                  ro code   0x800'19e8    0x28  data_init.o [5]
  .text                  ro code   0x800'1a10    0x22  fpinit_M.o [4]
  .iar.init_table        const     0x800'1a34    0x14  - Linker created -
  .text                  ro code   0x800'1a48    0x20  cmain_call_ctors.o [5]
  .text                  ro code   0x800'1a68    0x18  cppinit.o [2]
  .text                  ro code   0x800'1a80    0x1e  cmain.o [5]
  .text                  ro code   0x800'1a9e     0x4  low_level_init.o [2]
  .text                  ro code   0x800'1aa4    0x18  main.o [1]
  .text                  ro code   0x800'1abc     0x4  exit.o [2]
  .text                  ro code   0x800'1ac0     0xa  cexit.o [5]
  .text                  ro code   0x800'1acc    0x14  exit.o [6]
  .rodata                const     0x800'1ae0    0x18  sysl476xx.o [1]
  .rodata                const     0x800'1af8    0x18  uart.o [1]
  .rodata                const     0x800'1b10    0x14  buffer.o [1]
  .rodata                const     0x800'1b24    0x14  comport.o [1]
  .rodata                const     0x800'1b38    0x14  sysl476xx.o [1]
  .rodata                const     0x800'1b4c    0x10  comhandler.o [1]
  .rodata                const     0x800'1b5c    0x10  gpio.o [1]
  .rodata                const     0x800'1b6c    0x10  stm32rtc.o [1]
  .rodata                const     0x800'1b7c    0x10  timehandler.o [1]
  .rodata                const     0x800'1b8c    0x10  x_rtc.o [1]
  .text                  ro code   0x800'1b9c    0x10  startup_stm32l476xx.o [1]
  .rodata                const     0x800'1bac     0xc  unixtime.o [1]
  .rodata                const     0x800'1bb8     0xc  x_rtc.o [1]
  .text                  ro code   0x800'1bc4     0xc  cstartup_M.o [5]
  .text                  ro code   0x800'1bd0     0x6  abort.o [2]
  .text                  ro code   0x800'1bd6     0x4  startup_stm32l476xx.o [1]
  .text                  ro code   0x800'1bda     0x4  startup_stm32l476xx.o [1]
  .text                  ro code   0x800'1bde     0x4  startup_stm32l476xx.o [1]
  .text                  ro code   0x800'1be2     0x4  startup_stm32l476xx.o [1]
  .text                  ro code   0x800'1be6     0x4  startup_stm32l476xx.o [1]
  .text                  ro code   0x800'1bea     0x4  startup_stm32l476xx.o [1]
  .text                  ro code   0x800'1bee     0x4  startup_stm32l476xx.o [1]
  .text                  ro code   0x800'1bf2     0x4  startup_stm32l476xx.o [1]
  .text                  ro code   0x800'1bf6     0x4  startup_stm32l476xx.o [1]
  .text                  ro code   0x800'1bfa     0x4  startup_stm32l476xx.o [1]
  .text                  ro code   0x800'1bfe     0x4  startup_stm32l476xx.o [1]
  .text                  ro code   0x800'1c02     0x4  startup_stm32l476xx.o [1]
  .text                  ro code   0x800'1c06     0x4  startup_stm32l476xx.o [1]
  .text                  ro code   0x800'1c0a     0x4  startup_stm32l476xx.o [1]
  .text                  ro code   0x800'1c0e     0x4  startup_stm32l476xx.o [1]
  .text                  ro code   0x800'1c12     0x4  startup_stm32l476xx.o [1]
  .text                  ro code   0x800'1c16     0x4  startup_stm32l476xx.o [1]
  .text                  ro code   0x800'1c1a     0x4  startup_stm32l476xx.o [1]
  .text                  ro code   0x800'1c1e     0x4  startup_stm32l476xx.o [1]
  .text                  ro code   0x800'1c22     0x4  startup_stm32l476xx.o [1]
  .text                  ro code   0x800'1c26     0x4  startup_stm32l476xx.o [1]
  .text                  ro code   0x800'1c2a     0x4  startup_stm32l476xx.o [1]
  .text                  ro code   0x800'1c2e     0x4  startup_stm32l476xx.o [1]
  .text                  ro code   0x800'1c32     0x4  startup_stm32l476xx.o [1]
  .text                  ro code   0x800'1c36     0x4  startup_stm32l476xx.o [1]
  .text                  ro code   0x800'1c3a     0x4  startup_stm32l476xx.o [1]
  .text                  ro code   0x800'1c3e     0x4  startup_stm32l476xx.o [1]
  .text                  ro code   0x800'1c42     0x4  startup_stm32l476xx.o [1]
  .text                  ro code   0x800'1c46     0x4  startup_stm32l476xx.o [1]
  .text                  ro code   0x800'1c4a     0x4  startup_stm32l476xx.o [1]
  .text                  ro code   0x800'1c4e     0x4  startup_stm32l476xx.o [1]
  .text                  ro code   0x800'1c52     0x4  startup_stm32l476xx.o [1]
  .text                  ro code   0x800'1c56     0x4  startup_stm32l476xx.o [1]
  .text                  ro code   0x800'1c5a     0x4  startup_stm32l476xx.o [1]
  .text                  ro code   0x800'1c5e     0x4  startup_stm32l476xx.o [1]
  .text                  ro code   0x800'1c62     0x4  startup_stm32l476xx.o [1]
  .text                  ro code   0x800'1c66     0x4  startup_stm32l476xx.o [1]
  .text                  ro code   0x800'1c6a     0x4  startup_stm32l476xx.o [1]
  .text                  ro code   0x800'1c6e     0x4  startup_stm32l476xx.o [1]
  .text                  ro code   0x800'1c72     0x4  startup_stm32l476xx.o [1]
  .text                  ro code   0x800'1c76     0x4  startup_stm32l476xx.o [1]
  .text                  ro code   0x800'1c7a     0x4  startup_stm32l476xx.o [1]
  .text                  ro code   0x800'1c7e     0x4  startup_stm32l476xx.o [1]
  .text                  ro code   0x800'1c82     0x4  startup_stm32l476xx.o [1]
  .text                  ro code   0x800'1c86     0x4  startup_stm32l476xx.o [1]
  .text                  ro code   0x800'1c8a     0x4  startup_stm32l476xx.o [1]
  .text                  ro code   0x800'1c8e     0x4  startup_stm32l476xx.o [1]
  .text                  ro code   0x800'1c92     0x4  startup_stm32l476xx.o [1]
  .text                  ro code   0x800'1c96     0x4  startup_stm32l476xx.o [1]
  .text                  ro code   0x800'1c9a     0x4  startup_stm32l476xx.o [1]
  .text                  ro code   0x800'1c9e     0x4  startup_stm32l476xx.o [1]
  .text                  ro code   0x800'1ca2     0x4  startup_stm32l476xx.o [1]
  .text                  ro code   0x800'1ca6     0x4  startup_stm32l476xx.o [1]
  .text                  ro code   0x800'1caa     0x4  startup_stm32l476xx.o [1]
  .text                  ro code   0x800'1cae     0x4  startup_stm32l476xx.o [1]
  .text                  ro code   0x800'1cb2     0x4  startup_stm32l476xx.o [1]
  .text                  ro code   0x800'1cb6     0x4  startup_stm32l476xx.o [1]
  .text                  ro code   0x800'1cba     0x4  startup_stm32l476xx.o [1]
  .text                  ro code   0x800'1cbe     0x4  startup_stm32l476xx.o [1]
  .text                  ro code   0x800'1cc2     0x4  startup_stm32l476xx.o [1]
  .text                  ro code   0x800'1cc6     0x4  startup_stm32l476xx.o [1]
  .text                  ro code   0x800'1cca     0x4  startup_stm32l476xx.o [1]
  .text                  ro code   0x800'1cce     0x4  startup_stm32l476xx.o [1]
  .text                  ro code   0x800'1cd2     0x4  startup_stm32l476xx.o [1]
  .text                  ro code   0x800'1cd6     0x4  startup_stm32l476xx.o [1]
  .text                  ro code   0x800'1cda     0x4  startup_stm32l476xx.o [1]
  .text                  ro code   0x800'1cde     0x4  startup_stm32l476xx.o [1]
  .text                  ro code   0x800'1ce2     0x4  startup_stm32l476xx.o [1]
  .text                  ro code   0x800'1ce6     0x4  startup_stm32l476xx.o [1]
  .text                  ro code   0x800'1cea     0x4  startup_stm32l476xx.o [1]
  .text                  ro code   0x800'1cee     0x4  startup_stm32l476xx.o [1]
  .text                  ro code   0x800'1cf2     0x4  startup_stm32l476xx.o [1]
  .text                  ro code   0x800'1cf6     0x4  startup_stm32l476xx.o [1]
  .text                  ro code   0x800'1cfa     0x4  startup_stm32l476xx.o [1]
  .text                  ro code   0x800'1cfe     0x4  startup_stm32l476xx.o [1]
  .text                  ro code   0x800'1d02     0x4  startup_stm32l476xx.o [1]
  .text                  ro code   0x800'1d06     0x4  startup_stm32l476xx.o [1]
  .text                  ro code   0x800'1d0a     0x4  startup_stm32l476xx.o [1]
  .text                  ro code   0x800'1d0e     0x4  startup_stm32l476xx.o [1]
  .text                  ro code   0x800'1d12     0x4  startup_stm32l476xx.o [1]
  .text                  ro code   0x800'1d16     0x4  startup_stm32l476xx.o [1]
  .text                  ro code   0x800'1d1a     0x4  startup_stm32l476xx.o [1]
  .text                  ro code   0x800'1d1e     0x4  startup_stm32l476xx.o [1]
  .text                  ro code   0x800'1d22     0x4  startup_stm32l476xx.o [1]
  .text                  ro code   0x800'1d26     0x4  startup_stm32l476xx.o [1]
  .text                  ro code   0x800'1d2a     0x4  startup_stm32l476xx.o [1]
  .text                  ro code   0x800'1d2e     0x4  xpurevirtual.o [2]
  SHT$$PREINIT_ARRAY               0x800'1d34     0x0  <Block>
  SHT$$INIT_ARRAY                  0x800'1d34     0x4  <Block>
    .init_array          const     0x800'1d34     0x4  main.o [1]
  __iar_tls$$INIT_ARRAY            0x800'1d38     0x0  <Block>
  .rodata                const     0x800'1d38     0x0  zero_init3.o [5]
                                 - 0x800'1d38  0x1bb0

"P3", part 1 of 2:                             0x1e6c
  .bss                   zero     0x2000'0000  0x1e48  main.o [1]
  .bss                   zero     0x2000'1e48    0x10  buffer.o [1]
  .bss                   zero     0x2000'1e58     0x8  unixtime.o [1]
  .bss                   zero     0x2000'1e60     0x4  hal.o [1]
  .bss                   zero     0x2000'1e64     0x4  hal.o [1]
  .bss                   zero     0x2000'1e68     0x2  buffer.o [1]
                                - 0x2000'1e6a  0x1e6a

"P3", part 2 of 2:                             0x2000
  CSTACK                          0x2000'1e70  0x2000  <Block>
    CSTACK               uninit   0x2000'1e70  0x2000  <Block tail>
                                - 0x2000'3e70  0x2000

Unused ranges:

         From           To      Size
         ----           --      ----
          0x0          0x0       0x1
   0x800'1d38   0x80f'ffff  0xf'e2c8
  0x2000'1e6c  0x2000'1e6f       0x4
  0x2000'3e70  0x2001'7fff  0x1'4190


*******************************************************************************
*** INIT TABLE
***

          Address      Size
          -------      ----
Zero (__iar_zero_init3)
    1 destination range, total size 0x1e6a:
          0x2000'0000  0x1e6a

Extra (__iar_cstart_call_ctors)



*******************************************************************************
*** MODULE SUMMARY
***

    Module                 ro code  ro data  rw data
    ------                 -------  -------  -------
command line/config:
    ------------------------------------------------
    Total:

D:\CARLOS\TEST-GITHUB\DMIT2504_BLE_Project\EmbeddedProject\Debug\Obj: [1]
    buffer.o                   192       20       18
    comhandler.o                88       16
    comport.o                  102       20
    gpio.o                     544       16
    gpioex.o                   590
    hal.o                    1'028                 8
    main.o                      24        4    7'752
    startup_stm32l476xx.o      752
    stm32rtc.o                 376       16
    stopwatch.o                150
    sysl476xx.o                926       44
    system_stm32l4xx.o          96
    timehandler.o               28       16
    uart.o                     264       24
    unixtime.o                 712       12        8
    x_gpio.o                    52
    x_handler.o                 52
    x_rtc.o                    158       28
    x_system.o                  24
    ------------------------------------------------
    Total:                   6'158      216    7'786

dl7M_tln.a: [2]
    abort.o                      6
    cppinit.o                   24
    exit.o                       4
    low_level_init.o             4
    xpurevirtual.o               4
    ------------------------------------------------
    Total:                      42

dlpp7M_tl_nc.a: [3]
    ------------------------------------------------
    Total:

m7M_tls.a: [4]
    fpinit_M.o                  34
    ------------------------------------------------
    Total:                      34

rt7M_tl.a: [5]
    ABImemcpy.o                166
    I64DivMod.o                628
    I64DivZer.o                  2
    cexit.o                     10
    cmain.o                     30
    cmain_call_ctors.o          32
    cstartup_M.o                12
    data_init.o                 40
    zero_init3.o                58
    ------------------------------------------------
    Total:                     978

shb_l.a: [6]
    exit.o                      20
    unwind_debug.o                        1
    ------------------------------------------------
    Total:                      20        1

    Gaps                         7        2
    Linker created                       20    8'192
----------------------------------------------------
    Grand Total:             7'239      239   15'978


*******************************************************************************
*** ENTRY LIST
***

Entry                       Address    Size  Type      Object
-----                       -------    ----  ----      ------
.iar.init_table$$Base    0x800'1a34           --   Gb  - Linker created -
.iar.init_table$$Limit   0x800'1a48           --   Gb  - Linker created -
?main                    0x800'1a81          Code  Gb  cmain.o [5]
BufferHandler::BufferHandler()
                         0x800'0a21    0x1e  Code  Gb  buffer.o [1]
BufferHandler::Clear()   0x800'0a57    0x16  Code  Gb  buffer.o [1]
BufferHandler::Close()   0x800'0a3f     0xa  Code  Gb  buffer.o [1]
BufferHandler::GetPointer(unsigned int)
                         0x800'0a6d    0x12  Code  Gb  buffer.o [1]
BufferHandler::Init(unsigned char *, unsigned int)
                         0x800'0a49     0xe  Code  Gb  buffer.o [1]
BufferHandler::LoadKey(unsigned char *)
                         0x800'0a7f    0x52  Code  Gb  buffer.o [1]
COMHandler::Add(COMPort *)
                         0x800'1251    0x10  Code  Gb  comhandler.o [1]
COMHandler::COMHandler()
                         0x800'09f1     0xc  Code  Gb  sysl476xx.o [1]
COMHandler::fsm()        0x800'1209    0x48  Code  Gb  comhandler.o [1]
COMPort::COMPort()       0x800'16dd    0x20  Code  Gb  sysl476xx.o [1]
COMPort::COMPort() [subobject]
                         0x800'131f     0x8  Code  Gb  sysl476xx.o [1]
COMPort::IsCmdComplete()
                         0x800'0f4f    0x5e  Code  Gb  comport.o [1]
COMPort::RxB()           0x800'0fb1     0x4  Code  Gb  comport.o [1]
COMPort::SetCommandMode(CommandMode::Value)
                         0x800'0fad     0x4  Code  Gb  comport.o [1]
CSTACK$$Base            0x2000'1e70           --   Gb  - Linker created -
CSTACK$$Limit           0x2000'3e70           --   Gb  - Linker created -
DateTime::operator =(DateTime*)
                         0x800'16cb    0x12  Code  Gb  x_rtc.o [1]
GPIO::GPIO()             0x800'09bd     0xc  Code  Gb  sysl476xx.o [1]
GPIO::InitAsInput(GPIO_TypeDef *, unsigned short, Resistor::Value)
                         0x800'0bfb    0x7e  Code  Gb  gpio.o [1]
GPIO::InitAsOutput(GPIO_TypeDef *, unsigned short, bool)
                         0x800'0ae1   0x11a  Code  Gb  gpio.o [1]
GPIO::State()            0x800'0ce3    0x1e  Code  Gb  gpio.o [1]
GPIO::Turn(bool)         0x800'0c79    0x6a  Code  Gb  gpio.o [1]
GPIOEx::FSM()            0x800'0d27   0x170  Code  Gb  gpioex.o [1]
GPIOEx::GPIOEx()         0x800'09c9    0x10  Code  Gb  sysl476xx.o [1]
GPIOEx::Init(x_GPIO *, bool)
                         0x800'0d01    0x26  Code  Gb  gpioex.o [1]
GPIOEx::SetPattern(LedPattern::Value)
                         0x800'0eb9    0x42  Code  Gb  gpioex.o [1]
GPIOEx::heartbeat()      0x800'0efb    0x54  Code  Gb  gpioex.o [1]
GPIOEx::togglingPattern()
                         0x800'0e97    0x22  Code  Gb  gpioex.o [1]
HAL::Clock()             0x800'0235   0x174  Code  Gb  hal.o [1]
HAL::Init(void *)        0x800'0211    0x24  Code  Gb  hal.o [1]
HAL::OneMilliSecondSnapshot()
                         0x800'04d5     0x6  Code  Gb  hal.o [1]
HAL::SysClk()            0x800'03a9     0x4  Code  Gb  hal.o [1]
HAL::Uart()              0x800'03ad    0xf0  Code  Gb  hal.o [1]
HAL::UartISR(unsigned char)
                         0x800'049d    0x38  Code  Gb  hal.o [1]
Region$$Table$$Base      0x800'1a34           --   Gb  - Linker created -
Region$$Table$$Limit     0x800'1a48           --   Gb  - Linker created -
SHT$$INIT_ARRAY$$Base    0x800'1d34           --   Gb  - Linker created -
SHT$$INIT_ARRAY$$Limit   0x800'1d38           --   Gb  - Linker created -
SHT$$PREINIT_ARRAY$$Base
                         0x800'1d34           --   Gb  - Linker created -
SHT$$PREINIT_ARRAY$$Limit
                         0x800'1d34           --   Gb  - Linker created -
STM32Rtc::Init(RTC_TypeDef *, PWR_TypeDef *)
                         0x800'0fb5     0x6  Code  Gb  stm32rtc.o [1]
STM32Rtc::Read()         0x800'0fbb    0x7a  Code  Gb  stm32rtc.o [1]
STM32Rtc::STM32Rtc()     0x800'09fd    0x18  Code  Gb  sysl476xx.o [1]
STM32Rtc::Sync()         0x800'1035    0xf8  Code  Gb  stm32rtc.o [1]
Stopwatch::Read()        0x800'126f    0x2a  Code  Gb  stopwatch.o [1]
Stopwatch::Reset()       0x800'1299    0x10  Code  Gb  stopwatch.o [1]
Stopwatch::Start()       0x800'12c5    0x16  Code  Gb  stopwatch.o [1]
Stopwatch::Stop()        0x800'12a9    0x1c  Code  Gb  stopwatch.o [1]
Stopwatch::StopAndReset()
                         0x800'12db    0x18  Code  Gb  stopwatch.o [1]
Stopwatch::Stopwatch()   0x800'1261     0xe  Code  Gb  stopwatch.o [1]
Stopwatch::isRunning()   0x800'12f3     0x4  Code  Gb  stopwatch.o [1]
Sys                     0x2000'0000  0x1e48  Data  Lc  main.o [1]
SysL476xx::Init()        0x800'062f   0x1aa  Code  Gb  sysl476xx.o [1]
SysL476xx::Process(unsigned int)
                         0x800'085f    0x2c  Code  Gb  sysl476xx.o [1]
SysL476xx::Run()         0x800'07f9    0x56  Code  Gb  sysl476xx.o [1]
SysL476xx::SysL476xx()   0x800'058d    0xa2  Code  Gb  sysl476xx.o [1]
SysL476xx::parse(COMPort *, unsigned short)
                         0x800'084f    0x10  Code  Gb  sysl476xx.o [1]
SysTick_Handler          0x800'04db     0xa  Code  Gb  hal.o [1]
SystemInit               0x800'1989    0x42  Code  Gb  system_stm32l4xx.o [1]
TimeHandler::SetDestination(unsigned int *)
                         0x800'1165     0x4  Code  Gb  timehandler.o [1]
TimeHandler::SetSource(x_RTC *)
                         0x800'1161     0x4  Code  Gb  timehandler.o [1]
TimeHandler::TimeHandler()
                         0x800'0a15     0xc  Code  Gb  sysl476xx.o [1]
TimeHandler::fsm()       0x800'1169    0x14  Code  Gb  timehandler.o [1]
UART::AddToRx(unsigned char)
                         0x800'08ed    0x44  Code  Gb  uart.o [1]
UART::ISR()              0x800'0931    0x3a  Code  Gb  uart.o [1]
UART::Init(COMId::Value, BaudRate::Value, BufferHandler *, BufferHandler *, bool)
                         0x800'088b    0x52  Code  Gb  uart.o [1]
UART::UART()             0x800'09d9    0x18  Code  Gb  sysl476xx.o [1]
UART::getBRR(unsigned int)
                         0x800'08dd    0x10  Code  Gb  uart.o [1]
USART1_IRQHandler        0x800'055d    0x10  Code  Gb  hal.o [1]
USART2_IRQHandler        0x800'056d    0x10  Code  Gb  hal.o [1]
USART3_IRQHandler        0x800'057d    0x10  Code  Gb  hal.o [1]
UnixTime::ConvertFrom(uint32_t)::days_in_month
                         0x800'1bac     0xc  Data  Lc  unixtime.o [1]
UnixTime::ConvertFrom(unsigned int)
                         0x800'13e1   0x152  Code  Gb  unixtime.o [1]
UnixTime::ConvertTo(DateTime const *)
                         0x800'135d    0x84  Code  Gb  unixtime.o [1]
UnixTime::daysInMonth(unsigned char, bool)
                         0x800'15af    0x76  Code  Gb  unixtime.o [1]
UnixTime::isLeapYear(unsigned short)
                         0x800'1551    0x5e  Code  Gb  unixtime.o [1]
UnixTime::tm            0x2000'1e58     0x8  Data  Gb  unixtime.o [1]
Virtual function table for COMHandler
                         0x800'1b4c    0x10  Data  Gb  comhandler.o [1]
Virtual function table for COMPort
                         0x800'1b24    0x14  Data  Gb  comport.o [1]
Virtual function table for GPIO
                         0x800'1b5c    0x10  Data  Gb  gpio.o [1]
Virtual function table for STM32Rtc
                         0x800'1b6c    0x10  Data  Gb  stm32rtc.o [1]
Virtual function table for SysL476xx
                         0x800'1ae0    0x18  Data  Gb  sysl476xx.o [1]
Virtual function table for TimeHandler
                         0x800'1b7c    0x10  Data  Gb  timehandler.o [1]
Virtual function table for UART
                         0x800'1af8    0x18  Data  Gb  uart.o [1]
Virtual function table for x_COMPort
                         0x800'1b38    0x14  Data  Gb  sysl476xx.o [1]
Virtual function table for x_RTC
                         0x800'1b8c    0x10  Data  Gb  x_rtc.o [1]
[local to hal_cpp]::NVIC_ClearPendingIRQ(IRQn_Type)
                         0x800'019f    0x16  Code  Lc  hal.o [1]
[local to hal_cpp]::NVIC_EnableIRQ(IRQn_Type)
                         0x800'0189    0x16  Code  Lc  hal.o [1]
[local to hal_cpp]::NVIC_SetPriority(IRQn_Type, unsigned int)
                         0x800'01b5    0x28  Code  Lc  hal.o [1]
[local to hal_cpp]::SysTick_Config(unsigned int)
                         0x800'01dd    0x34  Code  Lc  hal.o [1]
__aeabi_ldiv0            0x800'1979          Code  Gb  I64DivZer.o [5]
__aeabi_ldivmod          0x800'16fd          Code  Gb  I64DivMod.o [5]
__aeabi_memcpy           0x800'1625          Code  Gb  ABImemcpy.o [5]
__aeabi_memcpy4          0x800'1645          Code  Gb  ABImemcpy.o [5]
__aeabi_memcpy8          0x800'1645          Code  Gb  ABImemcpy.o [5]
__aeabi_uldivmod         0x800'1741          Code  Gb  I64DivMod.o [5]
__call_ctors             0x800'1a69    0x18  Code  Gb  cppinit.o [2]
__cmain                  0x800'1a81          Code  Gb  cmain.o [5]
__cxa_pure_virtual       0x800'1d2f     0x4  Code  Gb  xpurevirtual.o [2]
__exit                   0x800'1acd    0x14  Code  Gb  exit.o [6]
__iar_cstart_call_ctors
                         0x800'1a49    0x20  Code  Gb  cmain_call_ctors.o [5]
__iar_data_init3         0x800'19e9    0x28  Code  Gb  data_init.o [5]
__iar_debug_exceptions   0x800'135a     0x1  Data  Gb  unwind_debug.o [6]
__iar_init_vfp           0x800'1a11          Code  Gb  fpinit_M.o [4]
__iar_program_start      0x800'1bc5          Code  Gb  cstartup_M.o [5]
__iar_tls$$INIT_ARRAY$$Base
                         0x800'1d38           --   Gb  - Linker created -
__iar_tls$$INIT_ARRAY$$Limit
                         0x800'1d38           --   Gb  - Linker created -
__iar_zero_init3         0x800'0983    0x3a  Code  Gb  zero_init3.o [5]
__low_level_init         0x800'1a9f     0x4  Code  Gb  low_level_init.o [2]
__sti__routine           0x800'1aa5     0xa  Code  Lc  main.o [1]
__vector_table           0x800'0000          Data  Gb  startup_stm32l476xx.o [1]
_call_main               0x800'1a8d          Code  Gb  cmain.o [5]
_exit                    0x800'1ac1          Code  Gb  cexit.o [5]
_main                    0x800'1a9b          Code  Gb  cmain.o [5]
abort                    0x800'1bd1     0x6  Code  Gb  abort.o [2]
exit                     0x800'1abd     0x4  Code  Gb  exit.o [2]
key                     0x2000'1e48    0x10  Data  Lc  buffer.o [1]
main                     0x800'1aaf     0xa  Code  Gb  main.o [1]
masterCount             0x2000'1e64     0x4  Data  Lc  hal.o [1]
staticId                0x2000'1e68     0x2  Data  Lc  buffer.o [1]
sysPtr                  0x2000'1e60     0x4  Data  Lc  hal.o [1]
void BufferHandler::Add<unsigned char>(unsigned char)
                         0x800'12f7    0x28  Code  Gb  uart.o [1]
x_COMPort::x_COMPort()   0x800'197d     0xc  Code  Gb  sysl476xx.o [1]
x_COMPort::x_COMPort() [subobject]
                         0x800'1971     0x8  Code  Gb  sysl476xx.o [1]
x_GPIO::Clear()          0x800'1327     0xc  Code  Gb  x_gpio.o [1]
x_GPIO::Set()            0x800'1333     0xc  Code  Gb  x_gpio.o [1]
x_GPIO::Toggle()         0x800'133f    0x1c  Code  Gb  x_gpio.o [1]
x_Handler::FSM(unsigned int)
                         0x800'113d    0x24  Code  Gb  x_handler.o [1]
x_Handler::Init(x_Callback *, bool)
                         0x800'112d     0xe  Code  Gb  x_handler.o [1]
x_Handler::childInit()   0x800'113b     0x2  Code  Gb  x_handler.o [1]
x_RTC::Sync(unsigned int)
                         0x800'11ed    0x1c  Code  Gb  x_rtc.o [1]
x_RTC::fromBCD(unsigned char)
                         0x800'11a9    0x1c  Code  Gb  x_rtc.o [1]
x_RTC::toBCD(unsigned char)
                         0x800'11c5    0x28  Code  Gb  x_rtc.o [1]
x_RTC::x_RTC()           0x800'1185    0x1a  Code  Gb  x_rtc.o [1]
x_RTC::x_RTC() [subobject]
                         0x800'117d     0x8  Code  Gb  x_rtc.o [1]
x_System::x_System()     0x800'0973    0x10  Code  Gb  x_system.o [1]
x_System::x_System() [subobject]
                         0x800'096b     0x8  Code  Gb  x_system.o [1]


[1] = D:\CARLOS\TEST-GITHUB\DMIT2504_BLE_Project\EmbeddedProject\Debug\Obj
[2] = dl7M_tln.a
[3] = dlpp7M_tl_nc.a
[4] = m7M_tls.a
[5] = rt7M_tl.a
[6] = shb_l.a

   7'239 bytes of readonly  code memory
     239 bytes of readonly  data memory
  15'978 bytes of readwrite data memory

Errors: none
Warnings: none
